/data/homebrew/RetroArch/roms/n64/All Star Tennis '99.7z	All Star Tennis '99
/data/homebrew/RetroArch/roms/n64/All-Star Baseball 2000.7z	All-Star Baseball 2000
/data/homebrew/RetroArch/roms/n64/All-Star Baseball 2001.7z	All-Star Baseball 2001
/data/homebrew/RetroArch/roms/n64/All-Star Baseball '99.7z	All-Star Baseball '99
/data/homebrew/RetroArch/roms/n64/Army Men - Sarge's Heroes.7z	Army Men - Sarge's Heroes
/data/homebrew/RetroArch/roms/n64/Asteroids Hyper 64.7z	Asteroids Hyper 64
/data/homebrew/RetroArch/roms/n64/Batman Beyond - Return of the Joker.7z	Batman Beyond - Return of the Joker
/data/homebrew/RetroArch/roms/n64/BattleTanx.7z	BattleTanx
/data/homebrew/RetroArch/roms/n64/Bomberman 64.7z	Bomberman 64
/data/homebrew/RetroArch/roms/n64/Bug's Life, A.7z	Bug's Life, A
/data/homebrew/RetroArch/roms/n64/Castlevania - Legacy of Darkness.7z	Castlevania - Legacy of Darkness
/data/homebrew/RetroArch/roms/n64/Castlevania (U) (V1.0) [!].z64	Castlevania (U) (V1.0) [!]
/data/homebrew/RetroArch/roms/n64/Castlevania.7z	Castlevania
/data/homebrew/RetroArch/roms/n64/Diddy Kong Racing.7z	Diddy Kong Racing
/data/homebrew/RetroArch/roms/n64/Disney's Donald Duck - Goin' Quackers.7z	Disney's Donald Duck - Goin' Quackers
/data/homebrew/RetroArch/roms/n64/Disney's Tarzan.7z	Disney's Tarzan
/data/homebrew/RetroArch/roms/n64/Donkey Kong 64.7z	Donkey Kong 64
/data/homebrew/RetroArch/roms/n64/Doom 64.7z	Doom 64
/data/homebrew/RetroArch/roms/n64/Dr. Mario 64.7z	Dr. Mario 64
/data/homebrew/RetroArch/roms/n64/Duke Nukem 64.7z	Duke Nukem 64
/data/homebrew/RetroArch/roms/n64/ECW Hardcore Revolution.7z	ECW Hardcore Revolution
/data/homebrew/RetroArch/roms/n64/F1 Racing Championship.7z	F1 Racing Championship
/data/homebrew/RetroArch/roms/n64/F-1 World Grand Prix II.7z	F-1 World Grand Prix II
/data/homebrew/RetroArch/roms/n64/F-1 World Grand Prix.7z	F-1 World Grand Prix
/data/homebrew/RetroArch/roms/n64/FIFA - Road to World Cup 98.7z	FIFA - Road to World Cup 98
/data/homebrew/RetroArch/roms/n64/FIFA 99.7z	FIFA 99
/data/homebrew/RetroArch/roms/n64/FIFA Soccer 64.7z	FIFA Soccer 64
/data/homebrew/RetroArch/roms/n64/Fighter Destiny 2.7z	Fighter Destiny 2
/data/homebrew/RetroArch/roms/n64/Frogger 2.7z	Frogger 2
/data/homebrew/RetroArch/roms/n64/GoldenEye 007.7z	GoldenEye 007
/data/homebrew/RetroArch/roms/n64/Hercules - The Legendary Journeys.7z	Hercules - The Legendary Journeys
/data/homebrew/RetroArch/roms/n64/Indiana Jones and the Infernal Machine.7z	Indiana Jones and the Infernal Machine
/data/homebrew/RetroArch/roms/n64/International Superstar Soccer 2000.7z	International Superstar Soccer 2000
/data/homebrew/RetroArch/roms/n64/International Superstar Soccer 64.7z	International Superstar Soccer 64
/data/homebrew/RetroArch/roms/n64/International Superstar Soccer '98.7z	International Superstar Soccer '98
/data/homebrew/RetroArch/roms/n64/Kirby 64 - The Crystal Shards.7z	Kirby 64 - The Crystal Shards
/data/homebrew/RetroArch/roms/n64/Kobe Bryant's NBA Courtside.7z	Kobe Bryant's NBA Courtside
/data/homebrew/RetroArch/roms/n64/Legend of Zelda, The - Majora's Mask.7z	Legend of Zelda, The - Majora's Mask
/data/homebrew/RetroArch/roms/n64/Legend of Zelda, The - Ocarina of Time.7z	Legend of Zelda, The - Ocarina of Time
/data/homebrew/RetroArch/roms/n64/Madden NFL 2000.7z	Madden NFL 2000
/data/homebrew/RetroArch/roms/n64/Madden NFL 2001.7z	Madden NFL 2001
/data/homebrew/RetroArch/roms/n64/Madden NFL 2002.7z	Madden NFL 2002
/data/homebrew/RetroArch/roms/n64/Madden NFL 99.7z	Madden NFL 99
/data/homebrew/RetroArch/roms/n64/Major League Baseball Featuring Ken Griffey Jr..7z	Major League Baseball Featuring Ken Griffey Jr.
/data/homebrew/RetroArch/roms/n64/Mario Golf.7z	Mario Golf
/data/homebrew/RetroArch/roms/n64/Mario Kart 64.7z	Mario Kart 64
/data/homebrew/RetroArch/roms/n64/Mario Party 2.7z	Mario Party 2
/data/homebrew/RetroArch/roms/n64/Mario Party 3.7z	Mario Party 3
/data/homebrew/RetroArch/roms/n64/Mario Party.7z	Mario Party
/data/homebrew/RetroArch/roms/n64/Mario Tennis.7z	Mario Tennis
/data/homebrew/RetroArch/roms/n64/Mega Man 64.7z	Mega Man 64
/data/homebrew/RetroArch/roms/n64/Mission Impossible.7z	Mission Impossible
/data/homebrew/RetroArch/roms/n64/Monaco Grand Prix.7z	Monaco Grand Prix
/data/homebrew/RetroArch/roms/n64/Mortal Kombat 4.7z	Mortal Kombat 4
/data/homebrew/RetroArch/roms/n64/Mortal Kombat Mythologies - Sub-Zero.7z	Mortal Kombat Mythologies - Sub-Zero
/data/homebrew/RetroArch/roms/n64/Mortal Kombat Trilogy.7z	Mortal Kombat Trilogy
/data/homebrew/RetroArch/roms/n64/NBA Courtside 2 - Featuring Kobe Bryant.7z	NBA Courtside 2 - Featuring Kobe Bryant
/data/homebrew/RetroArch/roms/n64/NBA Hangtime.7z	NBA Hangtime
/data/homebrew/RetroArch/roms/n64/NBA In the Zone 2000.7z	NBA In the Zone 2000
/data/homebrew/RetroArch/roms/n64/NBA In the Zone '98.7z	NBA In the Zone '98
/data/homebrew/RetroArch/roms/n64/NBA In the Zone '99.7z	NBA In the Zone '99
/data/homebrew/RetroArch/roms/n64/NBA Jam 2000.7z	NBA Jam 2000
/data/homebrew/RetroArch/roms/n64/NBA Jam 99.7z	NBA Jam 99
/data/homebrew/RetroArch/roms/n64/NBA Live 2000.7z	NBA Live 2000
/data/homebrew/RetroArch/roms/n64/NBA Live 99.7z	NBA Live 99
/data/homebrew/RetroArch/roms/n64/NBA Showtime - NBA on NBC.7z	NBA Showtime - NBA on NBC
/data/homebrew/RetroArch/roms/n64/NFL Blitz - Special Edition.7z	NFL Blitz - Special Edition
/data/homebrew/RetroArch/roms/n64/NFL Blitz 2000.7z	NFL Blitz 2000
/data/homebrew/RetroArch/roms/n64/NFL Blitz 2001.7z	NFL Blitz 2001
/data/homebrew/RetroArch/roms/n64/NFL Blitz.7z	NFL Blitz
/data/homebrew/RetroArch/roms/n64/NFL Quarterback Club 2000.7z	NFL Quarterback Club 2000
/data/homebrew/RetroArch/roms/n64/NFL Quarterback Club 2001.7z	NFL Quarterback Club 2001
/data/homebrew/RetroArch/roms/n64/NFL Quarterback Club 98.7z	NFL Quarterback Club 98
/data/homebrew/RetroArch/roms/n64/NFL Quarterback Club 99.7z	NFL Quarterback Club 99
/data/homebrew/RetroArch/roms/n64/Paper Mario.7z	Paper Mario
/data/homebrew/RetroArch/roms/n64/Paperboy.7z	Paperboy
/data/homebrew/RetroArch/roms/n64/Pocket Monsters Stadium.7z	Pocket Monsters Stadium
/data/homebrew/RetroArch/roms/n64/Power League Baseball 64.7z	Power League Baseball 64
/data/homebrew/RetroArch/roms/n64/Power Rangers - Lightspeed Rescue.7z	Power Rangers - Lightspeed Rescue
/data/homebrew/RetroArch/roms/n64/Quake 64.7z	Quake 64
/data/homebrew/RetroArch/roms/n64/Quake II.7z	Quake II
/data/homebrew/RetroArch/roms/n64/Quest 64.7z	Quest 64
/data/homebrew/RetroArch/roms/n64/Rampage - World Tour.7z	Rampage - World Tour
/data/homebrew/RetroArch/roms/n64/Rampage 2 - Universal Tour.7z	Rampage 2 - Universal Tour
/data/homebrew/RetroArch/roms/n64/Rayman 2 - The Great Escape.7z	Rayman 2 - The Great Escape
/data/homebrew/RetroArch/roms/n64/Ready 2 Rumble Boxing.7z	Ready 2 Rumble Boxing
/data/homebrew/RetroArch/roms/n64/Resident Evil 2.7z	Resident Evil 2
/data/homebrew/RetroArch/roms/n64/Snowboard Kids.7z	Snowboard Kids
/data/homebrew/RetroArch/roms/n64/Spider-Man.7z	Spider-Man
/data/homebrew/RetroArch/roms/n64/Star Fox 64.7z	Star Fox 64
/data/homebrew/RetroArch/roms/n64/Star Wars - Rogue Squadron.7z	Star Wars - Rogue Squadron
/data/homebrew/RetroArch/roms/n64/Star Wars - Shadows of the Empire.7z	Star Wars - Shadows of the Empire
/data/homebrew/RetroArch/roms/n64/Star Wars Episode I - Battle for Naboo.7z	Star Wars Episode I - Battle for Naboo
/data/homebrew/RetroArch/roms/n64/Star Wars Episode I - Racer.7z	Star Wars Episode I - Racer
/data/homebrew/RetroArch/roms/n64/StarCraft 64.7z	StarCraft 64
/data/homebrew/RetroArch/roms/n64/Super Mario 64.7z	Super Mario 64
/data/homebrew/RetroArch/roms/n64/Super Smash Bros..7z	Super Smash Bros.
/data/homebrew/RetroArch/roms/n64/Tony Hawk's Pro Skater 3.7z	Tony Hawk's Pro Skater 3
/data/homebrew/RetroArch/roms/n64/Turok - Dinosaur Hunter.7z	Turok - Dinosaur Hunter
/data/homebrew/RetroArch/roms/n64/Turok - Rage Wars.7z	Turok - Rage Wars
/data/homebrew/RetroArch/roms/n64/Turok 2 - Seeds of Evil.7z	Turok 2 - Seeds of Evil
/data/homebrew/RetroArch/roms/n64/Turok 3 - Shadow of Oblivion.7z	Turok 3 - Shadow of Oblivion
/data/homebrew/RetroArch/roms/n64/WCW Backstage Assault.7z	WCW Backstage Assault
/data/homebrew/RetroArch/roms/n64/WCW Mayhem.7z	WCW Mayhem
/data/homebrew/RetroArch/roms/n64/WCW Nitro.7z	WCW Nitro
/data/homebrew/RetroArch/roms/n64/WCW vs. nWo - World Tour.7z	WCW vs. nWo - World Tour
/data/homebrew/RetroArch/roms/n64/WCW-nWo Revenge.7z	WCW-nWo Revenge
/data/homebrew/RetroArch/roms/n64/World Cup 98.7z	World Cup 98
/data/homebrew/RetroArch/roms/n64/WWF - War Zone.7z	WWF - War Zone
/data/homebrew/RetroArch/roms/n64/WWF Attitude.7z	WWF Attitude
/data/homebrew/RetroArch/roms/n64/WWF No Mercy.7z	WWF No Mercy
/data/homebrew/RetroArch/roms/n64/WWF WrestleMania 2000.7z	WWF WrestleMania 2000
/data/homebrew/RetroArch/roms/n64/Xena Warrior Princess - The Talisman of Fate.7z	Xena Warrior Princess - The Talisman of Fate