/data/homebrew/RetroArch/roms/psx/Batman & Robin (USA) [SLUS-00393].bin	Batman & Robin (USA) [SLUS-00393]
/data/homebrew/RetroArch/roms/psx/Castlevania - Symphony of the Night (USA).bin	Castlevania - Symphony of the Night (USA)
/data/homebrew/RetroArch/roms/psx/Contra - Legacy of War (USA) (Track 01).bin	Contra - Legacy of War (USA) (Track 01)
/data/homebrew/RetroArch/roms/psx/Crash Bandicoot (USA).bin	Crash Bandicoot (USA)
/data/homebrew/RetroArch/roms/psx/Crash Bandicoot 2 - Cortex Strikes Back (USA).bin	Crash Bandicoot 2 - Cortex Strikes Back (USA)
/data/homebrew/RetroArch/roms/psx/Crash Bandicoot 2.bin	Crash Bandicoot 2
/data/homebrew/RetroArch/roms/psx/Crash Bandicoot 3 - Warped.bin	Crash Bandicoot 3 - Warped
/data/homebrew/RetroArch/roms/psx/Crash Bandicoot.bin	Crash Bandicoot
/data/homebrew/RetroArch/roms/psx/Crash Team Racing.bin	Crash Team Racing
/data/homebrew/RetroArch/roms/psx/Dino Crisis (USA) (Rev 1) (Track 1).bin	Dino Crisis (USA) (Rev 1) (Track 1)
/data/homebrew/RetroArch/roms/psx/Dino Crisis 2 (USA) (Track 1).bin	Dino Crisis 2 (USA) (Track 1)
/data/homebrew/RetroArch/roms/psx/Disney Hercules.bin	Disney Hercules
/data/homebrew/RetroArch/roms/psx/Dragon Ball Z - Ultimate Battle 22.bin	Dragon Ball Z - Ultimate Battle 22
/data/homebrew/RetroArch/roms/psx/Dragonball GT - Final Bout (USA) [SLUS-00493].bin	Dragonball GT - Final Bout (USA) [SLUS-00493]
/data/homebrew/RetroArch/roms/psx/Driver.bin	Driver
/data/homebrew/RetroArch/roms/psx/FIFA Soccer 2005 (USA) (En,Es).bin	FIFA Soccer 2005 (USA) (En,Es)
/data/homebrew/RetroArch/roms/psx/Gran Turismo (USA) (Rev 1).bin	Gran Turismo (USA) (Rev 1)
/data/homebrew/RetroArch/roms/psx/Gran Turismo 2.bin	Gran Turismo 2
/data/homebrew/RetroArch/roms/psx/Grand Theft Auto (USA) (Track 01).bin	Grand Theft Auto (USA) (Track 01)
/data/homebrew/RetroArch/roms/psx/Grand Theft Auto 2 (USA).bin	Grand Theft Auto 2 (USA)
/data/homebrew/RetroArch/roms/psx/Harry Potter and the Chamber of Secrets (USA) (En,Fr,Es).bin	Harry Potter and the Chamber of Secrets (USA) (En,Fr,Es)
/data/homebrew/RetroArch/roms/psx/Jackie Chan Stuntmaster.bin	Jackie Chan Stuntmaster
/data/homebrew/RetroArch/roms/psx/King of Fighters, The _99 (USA).bin	King of Fighters, The _99 (USA)
/data/homebrew/RetroArch/roms/psx/Marvel Super Heroes (USA) [SLUS-00257].bin	Marvel Super Heroes (USA) [SLUS-00257]
/data/homebrew/RetroArch/roms/psx/Medievil.bin	Medievil
/data/homebrew/RetroArch/roms/psx/Mega Man X4 (USA).bin	Mega Man X4 (USA)
/data/homebrew/RetroArch/roms/psx/Metal Gear Solid (USA) (Disc 1) (Rev 1).bin	Metal Gear Solid (USA) (Disc 1) (Rev 1)
/data/homebrew/RetroArch/roms/psx/Metal Slug X - Super Vehicle-001 (USA).bin	Metal Slug X - Super Vehicle-001 (USA)
/data/homebrew/RetroArch/roms/psx/Mike Tyson Boxing (USA) (En,Fr,Es).bin	Mike Tyson Boxing (USA) (En,Fr,Es)
/data/homebrew/RetroArch/roms/psx/Mortal Kombat - Special Forces (USA).bin	Mortal Kombat - Special Forces (USA)
/data/homebrew/RetroArch/roms/psx/Mortal Kombat 4 (USA).bin	Mortal Kombat 4 (USA)
/data/homebrew/RetroArch/roms/psx/NBA Jam Extreme (USA) (Track 1).bin	NBA Jam Extreme (USA) (Track 1)
/data/homebrew/RetroArch/roms/psx/Ninja - Shadow of Darkness (USA).bin	Ninja - Shadow of Darkness (USA)
/data/homebrew/RetroArch/roms/psx/Pepsiman.bin	Pepsiman
/data/homebrew/RetroArch/roms/psx/Rayman 2 - The Great Escape (USA) (En,Fr,Es).bin	Rayman 2 - The Great Escape (USA) (En,Fr,Es)
/data/homebrew/RetroArch/roms/psx/Rayman Rush (USA).bin	Rayman Rush (USA)
/data/homebrew/RetroArch/roms/psx/Resident Evil - Directors Cut.bin	Resident Evil - Directors Cut
/data/homebrew/RetroArch/roms/psx/Resident Evil (USA).bin	Resident Evil (USA)
/data/homebrew/RetroArch/roms/psx/Resident Evil 2 (USA) (Disc 1) (Track 1).bin	Resident Evil 2 (USA) (Disc 1) (Track 1)
/data/homebrew/RetroArch/roms/psx/Resident Evil 3 - Nemesis (USA).bin	Resident Evil 3 - Nemesis (USA)
/data/homebrew/RetroArch/roms/psx/Ridge Racer Type 4 (USA) [SLUS-00797].bin	Ridge Racer Type 4 (USA) [SLUS-00797]
/data/homebrew/RetroArch/roms/psx/Samurai Showdown - Warrior_s Rage (USA) [SLUS-01039].bin	Samurai Showdown - Warrior_s Rage (USA) [SLUS-01039]
/data/homebrew/RetroArch/roms/psx/Spyro - Year of the Dragon (USA) (v1.1).bin	Spyro - Year of the Dragon (USA) (v1.1)
/data/homebrew/RetroArch/roms/psx/Spyro 2 - Ripto's Rage! (USA).bin	Spyro 2 - Ripto's Rage! (USA)
/data/homebrew/RetroArch/roms/psx/Street Fighter EX2 Plus (USA).bin	Street Fighter EX2 Plus (USA)
/data/homebrew/RetroArch/roms/psx/Tekken 3.bin	Tekken 3
/data/homebrew/RetroArch/roms/psx/Tenchu - Stealth Assassins (USA).bin	Tenchu - Stealth Assassins (USA)
/data/homebrew/RetroArch/roms/psx/Tomb Raider (USA) (Rev 6) (Track 01).bin	Tomb Raider (USA) (Rev 6) (Track 01)
/data/homebrew/RetroArch/roms/psx/Tomb Raider II - Starring Lara Croft (USA) (Rev 3) (Track 01).bin	Tomb Raider II - Starring Lara Croft (USA) (Rev 3) (Track 01)
/data/homebrew/RetroArch/roms/psx/Tomb Raider III - Adventures of Lara Croft (USA) (Rev 2).bin	Tomb Raider III - Adventures of Lara Croft (USA) (Rev 2)
/data/homebrew/RetroArch/roms/psx/Twisted Metal (USA) (Track 1).bin	Twisted Metal (USA) (Track 1)
/data/homebrew/RetroArch/roms/psx/Twisted Metal 2 (USA) (Track 01).bin	Twisted Metal 2 (USA) (Track 01)
/data/homebrew/RetroArch/roms/psx/Twisted Metal 4 (USA) (Rev 1) (Track 01).bin	Twisted Metal 4 (USA) (Rev 1) (Track 01)
/data/homebrew/RetroArch/roms/psx/Twisted Metal III (USA) (Rev 1) (Track 01).bin	Twisted Metal III (USA) (Rev 1) (Track 01)