/data/homebrew/RetroArch/roms/saturn/Batman Forever_ The Arcade Game-01.bin	Batman Forever_ The Arcade Game-01
/data/homebrew/RetroArch/roms/saturn/Contra - Legacy of War-01.bin	Contra - Legacy of War-01
/data/homebrew/RetroArch/roms/saturn/Daytona USA-01.bin	Daytona USA-01
/data/homebrew/RetroArch/roms/saturn/Duke Nukem 3D-01.bin	Duke Nukem 3D-01
/data/homebrew/RetroArch/roms/saturn/Earthworm Jim 2-01.bin	Earthworm Jim 2-01
/data/homebrew/RetroArch/roms/saturn/FIFA - Road to World Cup 98-01.bin	FIFA - Road to World Cup 98-01
/data/homebrew/RetroArch/roms/saturn/Galactic Attack-01.bin	Galactic Attack-01
/data/homebrew/RetroArch/roms/saturn/Galaxy Fight-01.bin	Galaxy Fight-01
/data/homebrew/RetroArch/roms/saturn/Herc's Adventures-01.bin	Herc's Adventures-01
/data/homebrew/RetroArch/roms/saturn/Madden NFL 98-01.bin	Madden NFL 98-01
/data/homebrew/RetroArch/roms/saturn/Marvel Super Heroes-01.bin	Marvel Super Heroes-01
/data/homebrew/RetroArch/roms/saturn/MechWarrior 2 - 31st Century Combat - Arcade Combat Edition-01.bin	MechWarrior 2 - 31st Century Combat - Arcade Combat Edition-01
/data/homebrew/RetroArch/roms/saturn/Mega Man 8-01.bin	Mega Man 8-01
/data/homebrew/RetroArch/roms/saturn/Mega Man X4-01.bin	Mega Man X4-01
/data/homebrew/RetroArch/roms/saturn/Mortal Kombat II-01.bin	Mortal Kombat II-01
/data/homebrew/RetroArch/roms/saturn/Mortal Kombat Trilogy-01.bin	Mortal Kombat Trilogy-01
/data/homebrew/RetroArch/roms/saturn/NBA Jam - Tournament Edition-01.bin	NBA Jam - Tournament Edition-01
/data/homebrew/RetroArch/roms/saturn/NBA Live 98-01.bin	NBA Live 98-01
/data/homebrew/RetroArch/roms/saturn/NiGHTS into Dreams...-01.bin	NiGHTS into Dreams...-01
/data/homebrew/RetroArch/roms/saturn/Panzer Dragoon II Zwei-01.bin	Panzer Dragoon II Zwei-01
/data/homebrew/RetroArch/roms/saturn/Panzer Dragoon Saga-01.bin	Panzer Dragoon Saga-01
/data/homebrew/RetroArch/roms/saturn/Rayman-01.bin	Rayman-01
/data/homebrew/RetroArch/roms/saturn/Resident Evil-01.bin	Resident Evil-01
/data/homebrew/RetroArch/roms/saturn/Shining Force III-01.bin	Shining Force III-01
/data/homebrew/RetroArch/roms/saturn/Sonic 3D Blast-01.bin	Sonic 3D Blast-01
/data/homebrew/RetroArch/roms/saturn/Sonic Jam-01.bin	Sonic Jam-01
/data/homebrew/RetroArch/roms/saturn/Space Jam-01.bin	Space Jam-01
/data/homebrew/RetroArch/roms/saturn/Street Fighter - The Movie-01.bin	Street Fighter - The Movie-01
/data/homebrew/RetroArch/roms/saturn/Street Fighter Alpha 2-01.bin	Street Fighter Alpha 2-01
/data/homebrew/RetroArch/roms/saturn/Street Fighter Collection-01.bin	Street Fighter Collection-01
/data/homebrew/RetroArch/roms/saturn/Tomb Raider-01.bin	Tomb Raider-01
/data/homebrew/RetroArch/roms/saturn/Virtua Cop 2-01.bin	Virtua Cop 2-01
/data/homebrew/RetroArch/roms/saturn/WipEout-01.bin	WipEout-01
/data/homebrew/RetroArch/roms/saturn/World Series Baseball II-01.bin	World Series Baseball II-01
/data/homebrew/RetroArch/roms/saturn/WWF WrestleMania_ The Arcade Game-01.bin	WWF WrestleMania_ The Arcade Game-01